2025-01-02 12:57:00 | DEBUG | repo=a4m36jee-2014-web-seminar | action=commit
2025-09-12 09:42:00 | WARN | repo=a4m36jee-2014-web-seminar | action=commit
2025-07-05 08:36:00 | DEBUG | repo=a4m36jee-2014-web-seminar | action=commit
2025-03-06 13:24:00 | WARN | repo=a4m36jee-2014-web-seminar | action=commit
2025-06-21 16:53:00 | INFO | repo=a4m36jee-2014-web-seminar | action=commit
2025-12-19 08:22:00 | INFO | repo=a4m36jee-2014-web-seminar | action=pull
2025-10-22 09:27:00 | INFO | repo=a4m36jee-2014-web-seminar | action=pull
2025-12-13 20:09:00 | DEBUG | repo=a4m36jee-2014-web-seminar | action=commit
2025-05-04 14:03:00 | DEBUG | repo=a4m36jee-2014-web-seminar | action=commit
2025-03-21 15:16:00 | WARN | repo=a4m36jee-2014-web-seminar | action=commit
2025-01-19 07:47:00 | DEBUG | repo=a4m36jee-2014-web-seminar | action=commit
2025-11-06 13:32:00 | INFO | repo=a4m36jee-2014-web-seminar | action=commit
2025-04-13 18:24:00 | INFO | repo=a4m36jee-2014-web-seminar | action=commit
2025-08-02 09:57:00 | WARN | repo=a4m36jee-2014-web-seminar | action=commit
2025-04-08 21:22:00 | WARN | repo=a4m36jee-2014-web-seminar | action=commit
2025-06-05 18:20:00 | WARN | repo=a4m36jee-2014-web-seminar | action=commit
2025-12-13 20:01:00 | WARN | repo=a4m36jee-2014-web-seminar | action=commit
2025-02-09 11:52:00 | WARN | repo=a4m36jee-2014-web-seminar | action=test | passed=true
2025-03-15 16:11:00 | DEBUG | repo=a4m36jee-2014-web-seminar | action=commit
2025-06-28 21:04:00 | DEBUG | repo=a4m36jee-2014-web-seminar | action=commit
2025-01-24 07:56:00 | INFO | repo=a4m36jee-2014-web-seminar | action=test | passed=true
2025-12-23 15:41:00 | DEBUG | repo=a4m36jee-2014-web-seminar | action=commit
2025-05-23 18:31:00 | INFO | repo=a4m36jee-2014-web-seminar | action=commit
2025-05-05 14:36:00 | DEBUG | repo=a4m36jee-2014-web-seminar | action=commit
